NEWLINE              "\n"                 1:16 [15..16)
IDENT                "x"                  2:1 [16..17)
NEWLINE              "\n"                 2:20 [35..36)
IDENT                "y"                  3:1 [36..37)
NEWLINE              "\n"                 3:2 [37..38)
NEWLINE              "\n"                 4:1 [38..39)
NEWLINE              "\n"                 5:20 [58..59)
IDENT                "a"                  6:1 [59..60)
IDENT                "b"                  6:22 [80..81)
NEWLINE              "\n"                 6:23 [81..82)
NEWLINE              "\n"                 7:1 [82..83)
NEWLINE              "\n"                 8:33 [115..116)
IDENT                "c"                  9:1 [116..117)
NEWLINE              "\n"                 9:2 [117..118)
NEWLINE              "\n"                 10:1 [118..119)
NEWLINE              "\n"                 13:14 [155..156)
IDENT                "d"                  14:1 [156..157)
NEWLINE              "\n"                 14:2 [157..158)
NEWLINE              "\n"                 15:1 [158..159)
NEWLINE              "\n"                 16:47 [205..206)
IDENT                "e"                  17:1 [206..207)
NEWLINE              "\n"                 17:2 [207..208)
EOF                  ""                   0:0 [208..208)
