FN                   "fn"                 1:1 [0..2)
LET                  "let"                1:4 [3..6)
MUT                  "mut"                1:8 [7..10)
IF                   "if"                 1:12 [11..13)
ELSE                 "else"               1:15 [14..18)
MATCH                "match"              1:20 [19..24)
NEWLINE              "\n"                 1:25 [24..25)
FOR                  "for"                2:1 [25..28)
WHILE                "while"              2:5 [29..34)
LOOP                 "loop"               2:11 [35..39)
BREAK                "break"              2:16 [40..45)
CONTINUE             "continue"           2:22 [46..54)
RETURN               "return"             2:31 [55..61)
NEWLINE              "\n"                 2:37 [61..62)
TYPE                 "type"               3:1 [62..66)
STRUCT               "struct"             3:6 [67..73)
TRAIT                "trait"              3:13 [74..79)
IMPL                 "impl"               3:19 [80..84)
NEWLINE              "\n"                 3:23 [84..85)
SPAWN                "spawn"              4:1 [85..90)
CHANNEL              "channel"            4:7 [91..98)
IN                   "in"                 4:15 [99..101)
AS                   "as"                 4:18 [102..104)
PUB                  "pub"                4:21 [105..108)
NEWLINE              "\n"                 4:24 [108..109)
IMPORT               "import"             5:1 [109..115)
MODULE               "module"             5:8 [116..122)
SELF_KW              "self"               5:15 [123..127)
SELF_TYPE            "Self"               5:20 [128..132)
NEWLINE              "\n"                 5:24 [132..133)
BOOL_LIT             "true"               6:1 [133..137)
BOOL_LIT             "false"              6:6 [138..143)
NEWLINE              "\n"                 6:11 [143..144)
EOF                  ""                   0:0 [144..144)
