NEWLINE              "\n"                 1:20 [19..20)
INT_LIT              "0"                  2:1 [20..21)
NEWLINE              "\n"                 2:2 [21..22)
INT_LIT              "42"                 3:1 [22..24)
NEWLINE              "\n"                 3:3 [24..25)
INT_LIT              "1_000_000"          4:1 [25..34)
NEWLINE              "\n"                 4:10 [34..35)
INT_LIT              "999_999_999"        5:1 [35..46)
NEWLINE              "\n"                 5:12 [46..47)
NEWLINE              "\n"                 6:1 [47..48)
NEWLINE              "\n"                 7:16 [63..64)
INT_LIT              "0xFF"               8:1 [64..68)
NEWLINE              "\n"                 8:5 [68..69)
INT_LIT              "0xff"               9:1 [69..73)
NEWLINE              "\n"                 9:5 [73..74)
INT_LIT              "0xFF_FF"            10:1 [74..81)
NEWLINE              "\n"                 10:8 [81..82)
INT_LIT              "0x0"                11:1 [82..85)
NEWLINE              "\n"                 11:4 [85..86)
NEWLINE              "\n"                 12:1 [86..87)
NEWLINE              "\n"                 13:19 [105..106)
INT_LIT              "0b1010"             14:1 [106..112)
NEWLINE              "\n"                 14:7 [112..113)
INT_LIT              "0b1111_0000"        15:1 [113..124)
NEWLINE              "\n"                 15:12 [124..125)
INT_LIT              "0b0"                16:1 [125..128)
NEWLINE              "\n"                 16:4 [128..129)
NEWLINE              "\n"                 17:1 [129..130)
NEWLINE              "\n"                 18:18 [147..148)
INT_LIT              "0o77"               19:1 [148..152)
NEWLINE              "\n"                 19:5 [152..153)
INT_LIT              "0o77_77"            20:1 [153..160)
NEWLINE              "\n"                 20:8 [160..161)
INT_LIT              "0o0"                21:1 [161..164)
NEWLINE              "\n"                 21:4 [164..165)
NEWLINE              "\n"                 22:1 [165..166)
NEWLINE              "\n"                 23:18 [183..184)
FLOAT_LIT            "3.14"               24:1 [184..188)
NEWLINE              "\n"                 24:5 [188..189)
FLOAT_LIT            "0.5"                25:1 [189..192)
NEWLINE              "\n"                 25:4 [192..193)
FLOAT_LIT            "1e10"               26:1 [193..197)
NEWLINE              "\n"                 26:5 [197..198)
FLOAT_LIT            "2.5e-3"             27:1 [198..204)
NEWLINE              "\n"                 27:7 [204..205)
FLOAT_LIT            "1E+5"               28:1 [205..209)
NEWLINE              "\n"                 28:5 [209..210)
FLOAT_LIT            "1_000.5"            29:1 [210..217)
NEWLINE              "\n"                 29:8 [217..218)
NEWLINE              "\n"                 30:1 [218..219)
NEWLINE              "\n"                 31:17 [235..236)
BOOL_LIT             "true"               32:1 [236..240)
NEWLINE              "\n"                 32:5 [240..241)
BOOL_LIT             "false"              33:1 [241..246)
NEWLINE              "\n"                 33:6 [246..247)
EOF                  ""                   0:0 [247..247)
