NEWLINE              "\n"                 1:24 [23..24)
PLUS                 "+"                  2:1 [24..25)
MINUS                "-"                  2:3 [26..27)
STAR                 "*"                  2:5 [28..29)
SLASH                "/"                  2:7 [30..31)
PERCENT              "%"                  2:9 [32..33)
NEWLINE              "\n"                 2:10 [33..34)
NEWLINE              "\n"                 3:1 [34..35)
NEWLINE              "\n"                 4:24 [58..59)
EQ                   "=="                 5:1 [59..61)
NEQ                  "!="                 5:4 [62..64)
LT                   "<"                  5:7 [65..66)
GT                   ">"                  5:9 [67..68)
LEQ                  "<="                 5:11 [69..71)
GEQ                  ">="                 5:14 [72..74)
NEWLINE              "\n"                 5:16 [74..75)
NEWLINE              "\n"                 6:1 [75..76)
NEWLINE              "\n"                 7:21 [96..97)
AND                  "&&"                 8:1 [97..99)
OR                   "||"                 8:4 [100..102)
NOT                  "!"                  8:7 [103..104)
NEWLINE              "\n"                 8:8 [104..105)
NEWLINE              "\n"                 9:1 [105..106)
NEWLINE              "\n"                 10:21 [126..127)
BAR                  "|"                  11:1 [127..128)
PIPE                 "|>"                 11:3 [129..131)
CONCAT               "++"                 11:6 [132..134)
RANGE                ".."                 11:9 [135..137)
RANGE_INCLUSIVE      "..="                11:12 [138..141)
ASSIGN               "="                  11:16 [142..143)
ARROW                "->"                 11:18 [144..146)
NEWLINE              "\n"                 11:20 [146..147)
NEWLINE              "\n"                 12:1 [147..148)
NEWLINE              "\n"                 13:14 [161..162)
LPAREN               "("                  14:1 [162..163)
RPAREN               ")"                  14:3 [164..165)
LBRACE               "{"                  14:5 [166..167)
RBRACE               "}"                  14:7 [168..169)
LBRACKET             "["                  14:9 [170..171)
RBRACKET             "]"                  14:11 [172..173)
NEWLINE              "\n"                 14:12 [173..174)
COMMA                ","                  15:1 [174..175)
COLON                ":"                  15:3 [176..177)
SEMICOLON            ";"                  15:5 [178..179)
DOT                  "."                  15:7 [180..181)
DOUBLE_COLON         "::"                 15:9 [182..184)
FAT_ARROW            "=>"                 15:12 [185..187)
NEWLINE              "\n"                 15:14 [187..188)
EOF                  ""                   0:0 [188..188)
