NEWLINE              "\n"                 1:19 [18..19)
STRING_LIT           "\"hello\""          2:1 [19..26)
NEWLINE              "\n"                 2:8 [26..27)
STRING_LIT           "\"\""               3:1 [27..29)
NEWLINE              "\n"                 3:3 [29..30)
STRING_LIT           "\"hello world\""    4:1 [30..43)
NEWLINE              "\n"                 4:14 [43..44)
NEWLINE              "\n"                 5:1 [44..45)
NEWLINE              "\n"                 6:20 [64..65)
STRING_LIT           "\"newline\\n\""     7:1 [65..76)
NEWLINE              "\n"                 7:12 [76..77)
STRING_LIT           "\"tab\\there\""     8:1 [77..88)
NEWLINE              "\n"                 8:12 [88..89)
STRING_LIT           "\"carriage\\rreturn\"" 9:1 [89..107)
NEWLINE              "\n"                 9:19 [107..108)
STRING_LIT           "\"backslash\\\\\""  10:1 [108..121)
NEWLINE              "\n"                 10:14 [121..122)
STRING_LIT           "\"quote\\\"\""      11:1 [122..131)
NEWLINE              "\n"                 11:10 [131..132)
STRING_LIT           "\"null\\0\""        12:1 [132..140)
NEWLINE              "\n"                 12:9 [140..141)
NEWLINE              "\n"                 13:1 [141..142)
NEWLINE              "\n"                 14:19 [160..161)
STRING_LIT           "\"\\u{0041}\""      15:1 [161..171)
NEWLINE              "\n"                 15:11 [171..172)
STRING_LIT           "\"\\u{1F600}\""     16:1 [172..183)
NEWLINE              "\n"                 16:12 [183..184)
STRING_LIT           "\"\\u{0000}\""      17:1 [184..194)
NEWLINE              "\n"                 17:11 [194..195)
NEWLINE              "\n"                 18:1 [195..196)
NEWLINE              "\n"                 19:15 [210..211)
STRING_LIT           "r\"hello\""         20:1 [211..219)
NEWLINE              "\n"                 20:9 [219..220)
STRING_LIT           "r\"no\\nescape\""   21:1 [220..233)
NEWLINE              "\n"                 21:14 [233..234)
STRING_LIT           "r\"path\\to\\file\"" 22:1 [234..249)
NEWLINE              "\n"                 22:16 [249..250)
STRING_LIT           "r\"\""              23:1 [250..253)
NEWLINE              "\n"                 23:4 [253..254)
NEWLINE              "\n"                 24:1 [254..255)
NEWLINE              "\n"                 25:17 [271..272)
CHAR_LIT             "'a'"                26:1 [272..275)
NEWLINE              "\n"                 26:4 [275..276)
CHAR_LIT             "'Z'"                27:1 [276..279)
NEWLINE              "\n"                 27:4 [279..280)
CHAR_LIT             "'\\n'"              28:1 [280..284)
NEWLINE              "\n"                 28:5 [284..285)
CHAR_LIT             "'\\t'"              29:1 [285..289)
NEWLINE              "\n"                 29:5 [289..290)
CHAR_LIT             "'\\\\'"             30:1 [290..294)
NEWLINE              "\n"                 30:5 [294..295)
CHAR_LIT             "'\\0'"              31:1 [295..299)
NEWLINE              "\n"                 31:5 [299..300)
CHAR_LIT             "'\\u{0041}'"        32:1 [300..310)
NEWLINE              "\n"                 32:11 [310..311)
EOF                  ""                   0:0 [311..311)
