NEWLINE              "\n"                 1:23 [22..23)
IDENT                "日本語"                2:1 [23..32)
NEWLINE              "\n"                 2:4 [32..33)
IDENT                "π"                  3:1 [33..35)
NEWLINE              "\n"                 3:2 [35..36)
IDENT                "αβγ"                4:1 [36..42)
NEWLINE              "\n"                 4:4 [42..43)
IDENT                "名前"                 5:1 [43..49)
NEWLINE              "\n"                 5:3 [49..50)
IDENT                "café"               6:1 [50..55)
NEWLINE              "\n"                 6:5 [55..56)
IDENT                "naïve"              7:1 [56..62)
NEWLINE              "\n"                 7:6 [62..63)
IDENT                "über"               8:1 [63..68)
NEWLINE              "\n"                 8:5 [68..69)
EOF                  ""                   0:0 [69..69)
