items: 12
errors: 0

--- items ---
[0] trait Show { 1 methods } [57..100)
  fn show(1 params) -> <type> ; [74..98)
[1] trait Collection { 3 methods } [133..251)
  fn len(1 params) -> <type> ; [156..176)
  fn is_empty(1 params) -> <type> ; [181..207)
  fn contains(2 params) -> <type> ; [212..249)
[2] trait Greet { 2 methods } [282..367)
  fn name(1 params) -> <type> ; [300..324)
  fn greet(1 params) -> <type> { 0 stmts + trailing } [329..365)
[3] trait Functor<1 params> { 1 methods } [386..448)
  fn map<1 params>(2 params) -> <type> ; [409..446)
[4] trait Clone { 1 methods } [481..524)
  fn clone(1 params) -> <type> ; [499..522)
[5] pub trait Serializable { 2 methods } [542..644)
  fn serialize(1 params) -> <type> ; [571..600)
  fn deserialize(1 params) -> <type> ; [605..642)
[6] impl <type> { 3 methods } [663..907)
  fn new(2 params) -> <type> { 0 stmts + trailing } [680..752)
  fn distance(1 params) -> <type> { 0 stmts + trailing } [758..834)
  pub fn origin(0 params) -> <type> { 0 stmts + trailing } [840..905)
[7] impl Show for <type> { 1 methods } [923..998)
  fn show(1 params) -> <type> { 0 stmts + trailing } [949..996)
[8] impl<1 params> Show for <type> { 1 methods } [1022..1105)
  fn show(1 params) -> <type> { 0 stmts + trailing } [1058..1103)
[9] impl<1 params> <type> { 2 methods } [1132..1449)
  fn unwrap(1 params) -> <type> { 0 stmts + trailing } [1156..1322)
  fn is_some(1 params) -> <type> { 0 stmts + trailing } [1328..1447)
[10] trait Summable { 2 methods } [1472..1552)
  fn zero(0 params) -> <type> ; [1493..1511)
  fn add(2 params) -> <type> ; [1516..1550)
[11] impl Summable for <type> { 2 methods } [1554..1659)
  fn zero(0 params) -> <type> { 0 stmts + trailing } [1582..1604)
  fn add(2 params) -> <type> { 0 stmts + trailing } [1609..1657)
